
> fintrack@1.0.0 build
> nest build

[96msrc/accounts/accounts.service.ts[0m:[93m9[0m:[93m30[0m - [91merror[0m[90m TS2339: [0mProperty 'account' does not exist on type 'PrismaService'.

[7m9[0m     return await this.prisma.account.findFirst({
[7m [0m [91m                             ~~~~~~~[0m
[96msrc/accounts/accounts.service.ts[0m:[93m17[0m:[93m39[0m - [91merror[0m[90m TS2339: [0mProperty 'account' does not exist on type 'PrismaService'.

[7m17[0m     const account = await this.prisma.account.findUnique({
[7m  [0m [91m                                      ~~~~~~~[0m
[96msrc/accounts/accounts.service.ts[0m:[93m38[0m:[93m44[0m - [91merror[0m[90m TS2339: [0mProperty 'transaction' does not exist on type 'PrismaService'.

[7m38[0m     const transactions = await this.prisma.transaction.findMany({
[7m  [0m [91m                                           ~~~~~~~~~~~[0m
[96msrc/accounts/accounts.service.ts[0m:[93m49[0m:[93m16[0m - [91merror[0m[90m TS7006: [0mParameter 't' implicitly has an 'any' type.

[7m49[0m       .filter((t) => t.type === 'income')
[7m  [0m [91m               ~[0m
[96msrc/accounts/accounts.service.ts[0m:[93m50[0m:[93m16[0m - [91merror[0m[90m TS7006: [0mParameter 'sum' implicitly has an 'any' type.

[7m50[0m       .reduce((sum, t) => sum + Number(t.amount), 0);
[7m  [0m [91m               ~~~[0m
[96msrc/accounts/accounts.service.ts[0m:[93m50[0m:[93m21[0m - [91merror[0m[90m TS7006: [0mParameter 't' implicitly has an 'any' type.

[7m50[0m       .reduce((sum, t) => sum + Number(t.amount), 0);
[7m  [0m [91m                    ~[0m
[96msrc/accounts/accounts.service.ts[0m:[93m53[0m:[93m16[0m - [91merror[0m[90m TS7006: [0mParameter 't' implicitly has an 'any' type.

[7m53[0m       .filter((t) => t.type === 'expense')
[7m  [0m [91m               ~[0m
[96msrc/accounts/accounts.service.ts[0m:[93m54[0m:[93m16[0m - [91merror[0m[90m TS7006: [0mParameter 'sum' implicitly has an 'any' type.

[7m54[0m       .reduce((sum, t) => sum + Number(t.amount), 0);
[7m  [0m [91m               ~~~[0m
[96msrc/accounts/accounts.service.ts[0m:[93m54[0m:[93m21[0m - [91merror[0m[90m TS7006: [0mParameter 't' implicitly has an 'any' type.

[7m54[0m       .reduce((sum, t) => sum + Number(t.amount), 0);
[7m  [0m [91m                    ~[0m
[96msrc/auth/auth.service.ts[0m:[93m19[0m:[93m49[0m - [91merror[0m[90m TS2339: [0mProperty 'user' does not exist on type 'PrismaService'.

[7m19[0m     const userAlreadyExists = await this.prisma.user.findUnique({
[7m  [0m [91m                                                ~~~~[0m
[96msrc/auth/auth.service.ts[0m:[93m29[0m:[93m23[0m - [91merror[0m[90m TS2339: [0mProperty 'user' does not exist on type 'PrismaService'.

[7m29[0m     await this.prisma.user.create({
[7m  [0m [91m                      ~~~~[0m
[96msrc/auth/auth.service.ts[0m:[93m44[0m:[93m36[0m - [91merror[0m[90m TS2339: [0mProperty 'user' does not exist on type 'PrismaService'.

[7m44[0m     const user = await this.prisma.user.findUnique({
[7m  [0m [91m                                   ~~~~[0m
[96msrc/lib/email.ts[0m:[93m1[0m:[93m24[0m - [91merror[0m[90m TS2307: [0mCannot find module 'nodemailer' or its corresponding type declarations.

[7m1[0m import nodemailer from "nodemailer";
[7m [0m [91m                       ~~~~~~~~~~~~[0m
[96msrc/lib/prisma.ts[0m:[93m1[0m:[93m10[0m - [91merror[0m[90m TS2305: [0mModule '"@prisma/client"' has no exported member 'PrismaClient'.

[7m1[0m import { PrismaClient } from '@prisma/client';
[7m [0m [91m         ~~~~~~~~~~~~[0m
[96msrc/prisma/prisma.service.ts[0m:[93m2[0m:[93m10[0m - [91merror[0m[90m TS2305: [0mModule '"@prisma/client"' has no exported member 'PrismaClient'.

[7m2[0m import { PrismaClient } from '@prisma/client';
[7m [0m [91m         ~~~~~~~~~~~~[0m
[96msrc/prisma/prisma.service.ts[0m:[93m7[0m:[93m16[0m - [91merror[0m[90m TS2339: [0mProperty '$connect' does not exist on type 'PrismaService'.

[7m7[0m     await this.$connect();
[7m [0m [91m               ~~~~~~~~[0m
[96msrc/prisma/prisma.service.ts[0m:[93m11[0m:[93m16[0m - [91merror[0m[90m TS2339: [0mProperty '$disconnect' does not exist on type 'PrismaService'.

[7m11[0m     await this.$disconnect();
[7m  [0m [91m               ~~~~~~~~~~~[0m
[96msrc/transactions/transactions.service.ts[0m:[93m32[0m:[93m44[0m - [91merror[0m[90m TS2339: [0mProperty 'transaction' does not exist on type 'PrismaService'.

[7m32[0m     const transactions = await this.prisma.transaction.findMany({
[7m  [0m [91m                                           ~~~~~~~~~~~[0m
[96msrc/transactions/transactions.service.ts[0m:[93m41[0m:[93m37[0m - [91merror[0m[90m TS2339: [0mProperty 'transaction' does not exist on type 'PrismaService'.

[7m41[0m     const total = await this.prisma.transaction.count({ where });
[7m  [0m [91m                                    ~~~~~~~~~~~[0m
[96msrc/transactions/transactions.service.ts[0m:[93m55[0m:[93m30[0m - [91merror[0m[90m TS2339: [0mProperty 'transaction' does not exist on type 'PrismaService'.

[7m55[0m     return await this.prisma.transaction.findUnique({
[7m  [0m [91m                             ~~~~~~~~~~~[0m
[96msrc/transactions/transactions.service.ts[0m:[93m71[0m:[93m44[0m - [91merror[0m[90m TS2339: [0mProperty 'transaction' does not exist on type 'PrismaService'.

[7m71[0m     const transactions = await this.prisma.transaction.findMany({
[7m  [0m [91m                                           ~~~~~~~~~~~[0m
[96msrc/transactions/transactions.service.ts[0m:[93m86[0m:[93m42[0m - [91merror[0m[90m TS7006: [0mParameter 'acc' implicitly has an 'any' type.

[7m86[0m     const grouped = transactions.reduce((acc, transaction) => {
[7m  [0m [91m                                         ~~~[0m
[96msrc/transactions/transactions.service.ts[0m:[93m86[0m:[93m47[0m - [91merror[0m[90m TS7006: [0mParameter 'transaction' implicitly has an 'any' type.

[7m86[0m     const grouped = transactions.reduce((acc, transaction) => {
[7m  [0m [91m                                              ~~~~~~~~~~~[0m
[96msrc/transactions/transactions.service.ts[0m:[93m104[0m:[93m23[0m - [91merror[0m[90m TS18046: [0m'b.total' is of type 'unknown'.

[7m104[0m       .sort((a, b) => b.total - a.total);
[7m   [0m [91m                      ~~~~~~~[0m
[96msrc/transactions/transactions.service.ts[0m:[93m104[0m:[93m33[0m - [91merror[0m[90m TS18046: [0m'a.total' is of type 'unknown'.

[7m104[0m       .sort((a, b) => b.total - a.total);
[7m   [0m [91m                                ~~~~~~~[0m
[96msrc/transactions/transactions.service.ts[0m:[93m114[0m:[93m44[0m - [91merror[0m[90m TS2339: [0mProperty 'transaction' does not exist on type 'PrismaService'.

[7m114[0m     const transactions = await this.prisma.transaction.findMany({
[7m   [0m [91m                                           ~~~~~~~~~~~[0m
[96msrc/transactions/transactions.service.ts[0m:[93m132[0m:[93m46[0m - [91merror[0m[90m TS7006: [0mParameter 'acc' implicitly has an 'any' type.

[7m132[0m     const monthlyData = transactions.reduce((acc, transaction) => {
[7m   [0m [91m                                             ~~~[0m
[96msrc/transactions/transactions.service.ts[0m:[93m132[0m:[93m51[0m - [91merror[0m[90m TS7006: [0mParameter 'transaction' implicitly has an 'any' type.

[7m132[0m     const monthlyData = transactions.reduce((acc, transaction) => {
[7m   [0m [91m                                                  ~~~~~~~~~~~[0m
[96msrc/transactions/transactions.service.ts[0m:[93m152[0m:[93m15[0m - [91merror[0m[90m TS18046: [0m'data' is of type 'unknown'.

[7m152[0m       income: data.income,
[7m   [0m [91m              ~~~~[0m
[96msrc/transactions/transactions.service.ts[0m:[93m153[0m:[93m16[0m - [91merror[0m[90m TS18046: [0m'data' is of type 'unknown'.

[7m153[0m       expense: data.expense,
[7m   [0m [91m               ~~~~[0m

Found 30 error(s).

